	data\maps\puzzles\Forest3.map
ÓôÁ”ÀÁÄÀÄÄøòÁÅÂÁÁÀÀÁÀÁÁÀÀääÁÁÀÀÀÙíèÏÀÁÀÀÀÁíÁíÀÂÀÁÆÁüÏÅÀÁÁÀÁÁÐüÅÊÁÁÀÁÁÁÆÊÅÁÁÀÁÁßÐÅÊÁÁÀÁÁøíÊÞÁÁÀÁÁÚËÊÅÁÂÀÁÁÐËÊÅÀÁÂÀÉÉÆÐÊÅÅÀÁÀÁÁÐÐÅÊÁÂÀÁÁËÆÊÅÁÀÂÀÉÉÆ÷ÊÅÀÅÁÀÀÀóÚÏÔÀÁÀÀÀäîíÙÀÂÀÁÆóøÅÅÀÁÁÀÁÁýóÏÅÁÂÀÆÁøóÅÅÁÀÁÀÁÁÂøÊÊÁÁÀÁÁîýÏÅÁÁÀÁÁéóÅÏÁÂÀÁÆÂøÅÅÀÁÂÀÆÁýýÅÅÁÀÂÀÆÁäéÅÅÁÀÁÀÁÁóóÅÅÁÂÀÁÆÂÂÊÅÀÁÁÀÉÉóîÅÅÅÁÀÉÉøîÅÅÅÁÀÉÉýîÅÅÅÁÀÁÁßíÙÏÁÁÀÀÀÌÇÅÏÀÁÀÀÀòÖßÅÀÂÀÁÀÌÛÅÅÁÀÁÀÀÀßÛÅÖÀÂÀÀÁÇÖÅÅÀÁÄÀÇÇäüÔÏÁÁÀÂÁÄÀÆÀ³¤ÊÊÃÁÁÀÂÀÁÀäàíÅÁÀÁÀÀÀäêìÇÀÁÀÀÀèñËÙÀÁÀÍÍèøËÈÆÀÁÀÆÆíûÁÐÀÁÄÌÌîÆÄÄÀÂÀÁÀòàíÄÁÀÂÀÁÀòííÄÁÀÂÀÁÀòäÄÉÁÀÄÀÆÆíæÉÆÁÀÀÂÁÂÀÆÆô×ÃÃÃÄÁÀÆÆíØÇÁÀÁÀÆÆíÙÁÍÀÁÀÄÄÌåÅÅÂÁÀÉÉßÞÅÇÅÁÀÁÁ÷ÛèÅÁÁÀÁÁ÷äèÆÁÁÀÁÁäåèÅÁÆÀÃÖÂÅÄÁÂÀÊÄÅËÍÉÁÄÀÇÀÆÀøÖÂÅÄÁÂÀÊÄÅËÍÉÁÄÀÇÀÆÀíÖÂÅÄÁÂÀÊÄÅËÍÉÁÄÀÇÀÁÀÄÄüÖãÅÂÄÀÀÀÚÓÊÅÀÁÁÀÀÄÀÀÀÄØÉÆÀÁÁÀÀÄÀÀÀ÷ÓÊÅÀÁÁÀÀÄÀÄÄÚàÄÄÂÁÁÀÀÄÀÄÄÐàÄÄÂÁÁÀÀÄÀÄÄÆàÄÄÂÁÁÀÀÄÀÄÄüàÄÄÂÁÁÀÀ>³33>æff>³33?ÌÍ    =ÌÌÍ=ÌÌÍ?   =ÌÌÍ    =LÌÍ            ½LÌÍ    =#×
    ¼#×
=ÌÌÍ¼#×
½ÌÌÍ¼#×
=¸Qì½™™š    =ÌÌÍ    =ÌÌÍ    >™š    =™™š    >™š        >™š>¸        >™š>¸        >™š>¸        >™š>¸    À