	data\maps\puzzles\Forest\Forest3.map

ФЬа■юхюю││ыЦеедю│цтаееааааюдюццоРееааааюдюц│ыЭееааааююю││ВЦеедюццРаееааааюдюц│ВВееааааюдю│цВкееааааюаюааююДДааюююХаоМюаюбб■МОИбаюггММееюаюггРХейааюггХХейааюггМВейюдюффюРйеюаааюаюггМпееадюффеайеюаааюею│фМкоеюаааююаюггМфейюбюггффеоюаеюи│йфоеаююююааюи│ыкоецаююю┘кооааюааюфййааюююйаееааюююеаейадюффюуоеюаааюбюи│йкеоаюаюааюуййааюююезййааюффМуеаюбю││Руейюабю││ХъейаюеюииРъоаюаюююааю││Муехцбю│гфзейюааю││ткееабю│гаъееюааюююХжооюаюююХЕДйюаюююкОаМюаюббъОыМбаюббЬТеыбаюббгТйыббюафъЕейюабюфакОтеаюеюююИОееюаюююбаюццкмоодаюцфпреецаюююЩЕйВюбюииЩцййаеаюббжжеМбаюббяОеыбаюююлрчеюаюююшвочюаюююЕФчоюаюггкфейааюддъэВчбфю││еИйМгацдюабцдюцддефгдюфюгабюииъТыееюбюииХкееаюаюммЙФнофюаюффПМатюадллЯЭддю>в
=>╦>ЗАH>╦=ллм    ?─      =ллм    ?─      =Lлм    ?─      =╦QЛ    ?─      =Lлм    ?─      =ёв
    ?─      =#в
    ?─      =┘╦    ?─      <Уб▐    >≥     <Уб▐    =ллм    =┘╦    ?▄лм        <#в
=≥≥         =Lлм>ллм    ю